rendered vln_sp    226 notes
rendered vla_sp    211 notes
rendered vc_sp     185 notes
rendered cb_sp      59 notes
rendered vln_su    102 notes
rendered vla_su     70 notes
rendered vc_su      39 notes
rendered cb_su      34 notes
rendered vln_tr     14 notes
rendered vc_tr       4 notes
rendered harp      163 notes
rendered hn_su      76 notes
rendered hn_st      34 notes
rendered tp_su      47 notes
rendered tp_st      30 notes
rendered tb_su      66 notes
rendered tb_st      50 notes
rendered tu_su      18 notes
rendered tu_st      15 notes
rendered timp       95 notes
rendered bd         18 notes
rendered oroll       2 notes
rendered ocym       13 notes
rendered gong        6 notes
rendered tamb       10 notes
rendered piano       4 notes
rendered kick       48 notes
rendered snare      29 notes
rendered snc        99 notes
rendered hh         91 notes
rendered hho        14 notes
rendered crash      22 notes
rendered tomh        2 notes
rendered toml        2 notes
rendered taiko      54 notes
rendered trailer    24 notes
rendered boom       19 notes
rendered braaam     10 notes
rendered riser      21 notes
rendered sub        46 notes
rendered darb       19 notes
rendered kanun      16 notes
rendered choir      84 notes
rendered oohs        5 notes
rendered celesta    52 notes
rendered flute_sv   11 notes
rendered flute_ex    5 notes
rendered oboe        5 notes
rendered vln_solo    1 notes
rendered vlnpz      18 notes
rendered vlapz       6 notes
rendered vcpz        6 notes
rendered vsol_sp    17 notes
rendered glock      47 notes
rendered dhol_h      2 notes
rendered dhol_s     12 notes
rendered harp_d     19 notes
rendered pz_d        7 notes
rendered pno_d       2 notes
rendered sitar       5 notes
rendered tabla      18 notes
rendered zap         2 notes
rendered shim       11 notes
rendered cb_dr       1 notes
rendered vc_dr       2 notes
glue comp max 3.8 dB | limiter max 1.4 dB

== score_ctv.wav 48000 Hz 2 ch PCM_24 34.1000 s
peak -1.00 dBFS  true-peak -0.75 dBTP  -14.5 LUFS
clip count (>=0.999): 0
section  rms dBFS | band dB rel section total: 20-35 35-60 60-120 120-250 250-500 500-1000 1000-2000 2000-4000 4000-8000 8000-16000
  intro    -18.6 | -25.7 -10.2 -12.1 -15.2 -14.6  -3.1  -6.7 -13.7 -17.2 -20.1  corr 0.38
  A        -23.7 | -28.0  -6.3  -5.0 -11.6 -11.9  -8.7 -10.1 -13.0 -15.5 -24.1  corr 0.43
  cin      -14.1 | -19.8  -5.2 -11.0 -11.9  -8.2  -5.1 -12.7 -17.3 -22.7 -27.1  corr 0.44
  s1       -16.2 | -23.8  -7.9 -14.4 -17.3 -11.2  -2.6  -9.4 -16.2 -20.0 -24.2  corr 0.40
  tur      -17.1 | -28.1  -9.7  -3.4 -13.4 -11.7  -9.7 -10.3 -12.9 -15.2 -16.3  corr 0.51
  ind      -16.1 | -31.9 -11.7  -3.9 -17.5  -6.5  -8.2 -12.1 -14.6 -18.0 -20.3  corr 0.57
  live     -20.0 | -26.5  -6.4  -7.7 -14.8 -11.5  -4.8  -9.8 -14.0 -18.4 -23.4  corr 0.51
  chorus   -17.8 | -32.2  -7.6 -10.8 -16.2 -11.0  -3.5  -8.5 -14.6 -18.4 -23.0  corr 0.47
  wait     -23.6 | -26.9  -6.6  -9.5 -19.4 -13.3  -3.8  -8.3 -16.5 -19.7 -22.3  corr 0.49
  no       -20.4 | -18.0  -3.3  -6.7 -11.4 -13.5 -10.4 -13.3 -16.0 -19.2 -22.3  corr 0.68
  finale   -17.1 | -28.1  -8.9  -6.1 -14.3 -14.5  -4.3  -8.7 -14.8 -19.9 -26.6  corr 0.49
  tail     -13.8 | -30.7 -11.6 -19.2 -17.3  -9.4  -3.3  -6.5 -11.5 -17.6 -24.0  corr 0.23
stems in chorus (dB rel mix): drums -12.8, perc -10.4, strings -10.7, brass -9.3, choir -2.8, synth -11.7, fx -14.3, days -18.2
parts intro: vln_sp -26, vla_sp -28, vc_sp -25, cb_sp -76, vln_su -15, vla_su -25, vc_su -31, cb_su -28, vln_tr -140, vc_tr -140, harp -20, hn_su -25, hn_st -25, tp_su -30, tp_st -140, tb_su -32, tb_st -22, tu_su -20, tu_st -27, timp -22, bd -24, oroll -140, ocym -21, gong -24, tamb -140, piano -140, kick -110, snare -140, snc -28, hh -110, hho -140, crash -28, tomh -140, toml -140, taiko -30, trailer -15, boom -19, braaam -19, riser -21, sub -20, darb -140, kanun -140, choir -5, oohs -8, celesta -22, flute_sv -140, flute_ex -140, oboe -140, vln_solo -140, vlnpz -140, vlapz -140, vcpz -140, vsol_sp -140, glock -37, dhol_h -140, dhol_s -140, harp_d -140, pz_d -140, pno_d -140, sitar -140, tabla -140, zap -23, shim -21, cb_dr -36, vc_dr -22
parts A: vln_sp -23, vla_sp -21, vc_sp -20, cb_sp -25, vln_su -18, vla_su -27, vc_su -37, cb_su -37, vln_tr -140, vc_tr -140, harp -24, hn_su -29, hn_st -28, tp_su -24, tp_st -32, tb_su -35, tb_st -22, tu_su -33, tu_st -28, timp -30, bd -32, oroll -46, ocym -46, gong -32, tamb -140, piano -140, kick -21, snare -23, snc -39, hh -36, hho -50, crash -32, tomh -29, toml -27, taiko -20, trailer -19, boom -27, braaam -75, riser -51, sub -21, darb -140, kanun -140, choir -33, oohs -32, celesta -27, flute_sv -140, flute_ex -140, oboe -140, vln_solo -140, vlnpz -140, vlapz -140, vcpz -140, vsol_sp -140, glock -42, dhol_h -140, dhol_s -140, harp_d -140, pz_d -140, pno_d -140, sitar -140, tabla -140, zap -140, shim -26, cb_dr -140, vc_dr -140
parts holds: vln_sp -19, vla_sp -19, vc_sp -20, cb_sp -28, vln_su -25, vla_su -30, vc_su -28, cb_su -29, vln_tr -26, vc_tr -23, harp -140, hn_su -27, hn_st -18, tp_su -18, tp_st -24, tb_su -32, tb_st -21, tu_su -17, tu_st -27, timp -20, bd -24, oroll -140, ocym -20, gong -22, tamb -41, piano -140, kick -20, snare -23, snc -25, hh -36, hho -45, crash -27, tomh -140, toml -140, taiko -23, trailer -11, boom -20, braaam -14, riser -24, sub -16, darb -17, kanun -28, choir -8, oohs -22, celesta -99, flute_sv -140, flute_ex -35, oboe -32, vln_solo -28, vlnpz -34, vlapz -140, vcpz -140, vsol_sp -140, glock -140, dhol_h -30, dhol_s -31, harp_d -140, pz_d -140, pno_d -140, sitar -25, tabla -15, zap -140, shim -140, cb_dr -140, vc_dr -140
parts live: vln_sp -21, vla_sp -18, vc_sp -19, cb_sp -24, vln_su -21, vla_su -27, vc_su -28, cb_su -33, vln_tr -140, vc_tr -140, harp -29, hn_su -28, hn_st -22, tp_su -16, tp_st -28, tb_su -30, tb_st -26, tu_su -27, tu_st -33, timp -23, bd -28, oroll -140, ocym -23, gong -25, tamb -70, piano -140, kick -19, snare -23, snc -31, hh -35, hho -42, crash -26, tomh -140, toml -140, taiko -21, trailer -16, boom -22, braaam -23, riser -24, sub -17, darb -140, kanun -140, choir -8, oohs -140, celesta -27, flute_sv -29, flute_ex -37, oboe -140, vln_solo -140, vlnpz -140, vlapz -140, vcpz -140, vsol_sp -140, glock -43, dhol_h -102, dhol_s -54, harp_d -28, pz_d -30, pno_d -36, sitar -130, tabla -37, zap -140, shim -32, cb_dr -140, vc_dr -140
parts end: vln_sp -21, vla_sp -21, vc_sp -23, cb_sp -31, vln_su -9, vla_su -20, vc_su -16, cb_su -26, vln_tr -140, vc_tr -140, harp -21, hn_su -13, hn_st -24, tp_su -11, tp_st -31, tb_su -23, tb_st -21, tu_su -22, tu_st -27, timp -19, bd -26, oroll -140, ocym -25, gong -22, tamb -140, piano -30, kick -20, snare -26, snc -25, hh -54, hho -45, crash -25, tomh -140, toml -140, taiko -20, trailer -12, boom -20, braaam -16, riser -27, sub -17, darb -140, kanun -140, choir -5, oohs -140, celesta -21, flute_sv -26, flute_ex -140, oboe -140, vln_solo -140, vlnpz -32, vlapz -140, vcpz -140, vsol_sp -140, glock -37, dhol_h -140, dhol_s -140, harp_d -140, pz_d -140, pno_d -140, sitar -140, tabla -140, zap -140, shim -23, cb_dr -140, vc_dr -140
mid-band (250-3k) level: under VO -22.6 dBFS rms, outside VO -18.8 dBFS rms
cue alignment (strongest onset within +-80 ms of the cue; + = music late):
   bolt      cue T=0.740  onset offset  -78.0 ms (rise 7 dB)
   open      cue T=2.330  onset offset   +0.0 ms (rise 10 dB)
   netflix   cue T=4.340  onset offset   +4.0 ms (rise 12 dB)
   disney    cue T=5.990  onset offset   -6.0 ms (rise 8 dB)
   charlton  cue T=8.320  onset offset   +4.0 ms (rise 10 dB)
   cin-land  cue T=10.260  onset offset  -68.0 ms (rise 9 dB)
   tur-hit   cue T=11.380  onset offset  -62.0 ms (rise 7 dB)
   tur-land  cue T=12.390  onset offset  -68.0 ms (rise 9 dB)
   ind-hit   cue T=13.430  onset offset  -24.0 ms (rise 9 dB)
   ind-land  cue T=14.540  onset offset  +62.0 ms (rise 7 dB)
   vortex    cue T=17.320  onset offset   +2.0 ms (rise 8 dB)
   nagish    cue T=18.370  onset offset  +48.0 ms (rise 8 dB)
   goal      cue T=20.900  onset offset   -2.0 ms (rise 7 dB)
   fun       cue T=24.800  onset offset   +8.0 ms (rise 11 dB)
   no1       cue T=25.860  onset offset  +68.0 ms (rise 8 dB)
   no2       cue T=27.050  onset offset  +20.0 ms (rise 9 dB)
   xout      cue T=27.930  onset offset  -44.0 ms (rise 9 dB)
   tap       cue T=29.550  onset offset   +8.0 ms (rise 15 dB)
   burst     cue T=29.800  onset offset  +50.0 ms (rise 9 dB)
   playback  cue T=30.440  onset offset  -56.0 ms (rise 6 dB)
   LOGO      cue T=31.100  onset offset   -6.0 ms (rise 12 dB)

real	1m38.437s
user	1m10.385s
sys	0m26.539s
