rendered vln_sp    226 notes
rendered vla_sp    211 notes
rendered vc_sp     185 notes
rendered cb_sp      59 notes
rendered vln_su    102 notes
rendered vla_su     70 notes
rendered vc_su      39 notes
rendered cb_su      34 notes
rendered vln_tr     14 notes
rendered vc_tr       4 notes
rendered harp      163 notes
rendered hn_su      76 notes
rendered hn_st      34 notes
rendered tp_su      47 notes
rendered tp_st      30 notes
rendered tb_su      66 notes
rendered tb_st      50 notes
rendered tu_su      18 notes
rendered tu_st      15 notes
rendered timp       95 notes
rendered bd         18 notes
rendered oroll       2 notes
rendered ocym       13 notes
rendered gong        6 notes
rendered tamb       10 notes
rendered piano       4 notes
rendered kick       48 notes
rendered snare      29 notes
rendered snc        99 notes
rendered hh         91 notes
rendered hho        15 notes
rendered crash      22 notes
rendered tomh        2 notes
rendered toml        2 notes
rendered taiko      54 notes
rendered trailer    24 notes
rendered boom       19 notes
rendered braaam     10 notes
rendered riser      21 notes
rendered sub        46 notes
rendered darb       19 notes
rendered kanun      16 notes
rendered choir      81 notes
rendered oohs        5 notes
rendered celesta    52 notes
rendered flute_sv   11 notes
rendered flute_ex    5 notes
rendered oboe        5 notes
rendered vln_solo    1 notes
rendered vlnpz      18 notes
rendered vlapz       6 notes
rendered vcpz        6 notes
rendered vsol_sp    17 notes
rendered glock      47 notes
rendered dhol_h      2 notes
rendered dhol_s     12 notes
rendered harp_d     19 notes
rendered pz_d        7 notes
rendered pno_d       2 notes
rendered sitar       5 notes
rendered tabla      18 notes
rendered zap         2 notes
rendered shim       11 notes
rendered cb_dr       1 notes
rendered vc_dr       2 notes
glue comp max 4.3 dB | limiter max 2.0 dB

== score_ctv.wav 48000 Hz 2 ch PCM_24 34.1000 s
peak -1.00 dBFS  true-peak -0.70 dBTP  -14.6 LUFS
clip count (>=0.999): 0
section  rms dBFS | band dB rel section total: 20-35 35-60 60-120 120-250 250-500 500-1000 1000-2000 2000-4000 4000-8000 8000-16000
  intro    -20.7 | -26.6 -10.2  -9.6 -10.9  -8.3  -7.7  -8.0  -8.6 -12.1 -15.4  corr 0.15
  A        -23.5 | -31.4  -8.6  -5.2 -10.6 -10.5  -8.1  -9.5 -11.6 -14.1 -22.6  corr 0.39
  cin      -15.0 | -21.8  -6.5  -9.2  -8.6  -6.4  -7.8 -12.4 -14.5 -18.7 -22.6  corr 0.24
  s1       -19.2 | -23.6  -7.1 -10.7 -12.2 -10.2  -5.9  -7.0 -12.1 -15.1 -19.0  corr 0.46
  tur      -16.1 | -33.1 -13.2  -3.0 -13.0 -11.4  -9.6 -10.2 -12.6 -14.8 -15.9  corr 0.48
  ind      -14.6 | -37.1 -17.1  -4.2 -17.7  -5.7  -7.4 -12.2 -14.5 -18.2 -20.6  corr 0.48
  live     -21.5 | -27.9  -8.0  -6.2 -12.0 -10.5  -7.5  -8.0 -11.4 -15.3 -20.3  corr 0.44
  chorus   -19.5 | -33.6  -8.5  -8.8 -12.6  -8.7  -5.8  -8.2 -11.3 -15.1 -19.6  corr 0.38
  wait     -26.9 | -27.2  -6.8  -6.1 -15.0 -12.5  -7.2  -8.0 -12.6 -15.0 -17.2  corr 0.42
  no       -21.0 | -20.9  -5.5  -6.0  -9.2 -11.0 -10.2 -11.2 -13.4 -16.6 -19.6  corr 0.57
  finale   -18.9 | -29.5  -9.2  -6.4  -8.6  -9.7  -7.2  -9.4 -11.6 -16.3 -22.8  corr 0.40
  tail     -12.9 | -35.9 -16.0 -19.8 -17.1  -7.6  -2.7  -8.1 -12.1 -18.1 -23.8  corr 0.19
stems in chorus (dB rel mix): drums -10.4, perc -9.0, strings -7.5, brass -4.3, choir -10.6, synth -13.2, fx -11.5, days -14.9
parts intro: vln_sp -26, vla_sp -31, vc_sp -25, cb_sp -76, vln_su -14, vla_su -25, vc_su -28, cb_su -29, vln_tr -140, vc_tr -140, harp -20, hn_su -18, hn_st -22, tp_su -29, tp_st -140, tb_su -32, tb_st -22, tu_su -20, tu_st -27, timp -22, bd -24, oroll -140, ocym -21, gong -24, tamb -140, piano -140, kick -112, snare -140, snc -28, hh -110, hho -140, crash -28, tomh -140, toml -140, taiko -30, trailer -21, boom -23, braaam -19, riser -21, sub -25, darb -140, kanun -140, choir -20, oohs -22, celesta -22, flute_sv -140, flute_ex -140, oboe -140, vln_solo -140, vlnpz -140, vlapz -140, vcpz -140, vsol_sp -140, glock -37, dhol_h -140, dhol_s -140, harp_d -140, pz_d -140, pno_d -140, sitar -140, tabla -140, zap -23, shim -21, cb_dr -36, vc_dr -22
parts A: vln_sp -23, vla_sp -24, vc_sp -20, cb_sp -25, vln_su -18, vla_su -27, vc_su -37, cb_su -37, vln_tr -140, vc_tr -140, harp -24, hn_su -22, hn_st -25, tp_su -24, tp_st -32, tb_su -35, tb_st -22, tu_su -32, tu_st -28, timp -30, bd -32, oroll -46, ocym -46, gong -32, tamb -140, piano -140, kick -23, snare -23, snc -39, hh -36, hho -50, crash -32, tomh -29, toml -27, taiko -20, trailer -25, boom -31, braaam -75, riser -51, sub -26, darb -140, kanun -140, choir -37, oohs -46, celesta -27, flute_sv -140, flute_ex -140, oboe -140, vln_solo -140, vlnpz -140, vlapz -140, vcpz -140, vsol_sp -140, glock -42, dhol_h -140, dhol_s -140, harp_d -140, pz_d -140, pno_d -140, sitar -140, tabla -140, zap -140, shim -26, cb_dr -140, vc_dr -140
parts holds: vln_sp -19, vla_sp -22, vc_sp -20, cb_sp -28, vln_su -24, vla_su -30, vc_su -28, cb_su -29, vln_tr -26, vc_tr -23, harp -140, hn_su -19, hn_st -15, tp_su -18, tp_st -24, tb_su -32, tb_st -21, tu_su -17, tu_st -27, timp -20, bd -24, oroll -140, ocym -20, gong -22, tamb -41, piano -140, kick -22, snare -23, snc -25, hh -36, hho -45, crash -27, tomh -140, toml -140, taiko -23, trailer -17, boom -24, braaam -14, riser -24, sub -21, darb -17, kanun -28, choir -27, oohs -36, celesta -99, flute_sv -140, flute_ex -35, oboe -32, vln_solo -28, vlnpz -34, vlapz -140, vcpz -140, vsol_sp -140, glock -140, dhol_h -30, dhol_s -31, harp_d -140, pz_d -140, pno_d -140, sitar -25, tabla -15, zap -140, shim -140, cb_dr -140, vc_dr -140
parts live: vln_sp -21, vla_sp -21, vc_sp -19, cb_sp -25, vln_su -21, vla_su -27, vc_su -29, cb_su -33, vln_tr -140, vc_tr -140, harp -29, hn_su -20, hn_st -19, tp_su -16, tp_st -28, tb_su -29, tb_st -26, tu_su -27, tu_st -33, timp -23, bd -28, oroll -140, ocym -23, gong -25, tamb -70, piano -140, kick -21, snare -23, snc -31, hh -35, hho -42, crash -26, tomh -140, toml -140, taiko -21, trailer -22, boom -26, braaam -23, riser -24, sub -22, darb -140, kanun -140, choir -23, oohs -140, celesta -27, flute_sv -29, flute_ex -37, oboe -140, vln_solo -140, vlnpz -140, vlapz -140, vcpz -140, vsol_sp -140, glock -43, dhol_h -102, dhol_s -54, harp_d -28, pz_d -30, pno_d -36, sitar -130, tabla -37, zap -140, shim -32, cb_dr -140, vc_dr -140
parts end: vln_sp -22, vla_sp -24, vc_sp -23, cb_sp -30, vln_su -10, vla_su -20, vc_su -16, cb_su -26, vln_tr -140, vc_tr -140, harp -21, hn_su -5, hn_st -21, tp_su -12, tp_st -31, tb_su -23, tb_st -21, tu_su -22, tu_st -28, timp -19, bd -26, oroll -140, ocym -25, gong -22, tamb -140, piano -30, kick -23, snare -26, snc -25, hh -53, hho -44, crash -25, tomh -140, toml -140, taiko -20, trailer -18, boom -24, braaam -16, riser -27, sub -23, darb -140, kanun -140, choir -21, oohs -140, celesta -22, flute_sv -26, flute_ex -140, oboe -140, vln_solo -140, vlnpz -32, vlapz -140, vcpz -140, vsol_sp -140, glock -37, dhol_h -140, dhol_s -140, harp_d -140, pz_d -140, pno_d -140, sitar -140, tabla -140, zap -140, shim -23, cb_dr -140, vc_dr -140
mid-band (250-3k) level: under VO -25.7 dBFS rms, outside VO -18.7 dBFS rms
cue alignment: nearest programmed impact onset (timp/bd/taiko/trailer/crash/cymbal/low-brass stab/kick) to each cue:
   bolt      cue T=0.740 (v=0.74)  nearest impact 0.740  offset  +0.0 ms
   open      cue T=2.330 (v=2.33)  nearest impact 2.330  offset  +0.0 ms
   netflix   cue T=4.340 (v=4.34)  nearest impact 4.340  offset  +0.0 ms
   disney    cue T=5.990 (v=5.99)  nearest impact 5.979  offset -11.0 ms
   charlton  cue T=8.320 (v=8.32)  nearest impact 8.320  offset  +0.0 ms
   cin-land  cue T=10.260 (v=8.86)  nearest impact 10.260  offset  +0.0 ms
   tur-hit   cue T=11.380 (v=8.98)  nearest impact 11.380  offset  +0.0 ms
   tur-land  cue T=12.390 (v=9.99)  nearest impact 12.390  offset  +0.0 ms
   ind-hit   cue T=13.430 (v=9.93)  nearest impact 13.430  offset  +0.0 ms
   ind-land  cue T=14.540 (v=11.04)  nearest impact 14.540  offset  +0.0 ms
   vortex    cue T=17.320 (v=13.82)  nearest impact 17.320  offset  +0.0 ms
   nagish    cue T=18.370 (v=14.87)  nearest impact 18.370  offset  +0.0 ms
   goal      cue T=20.900 (v=17.40)  nearest impact 20.900  offset  +0.0 ms
   fun       cue T=24.800 (v=21.30)  nearest impact 24.800  offset  +0.0 ms
   no1       cue T=25.860 (v=22.36)  nearest impact 25.860  offset  +0.0 ms
   no2       cue T=27.050 (v=23.55)  nearest impact 27.050  offset  +0.0 ms
   xout      cue T=27.930 (v=24.43)  nearest impact 27.930  offset  +0.0 ms
   tap       cue T=29.550 (v=26.05)  nearest impact 29.550  offset  +0.0 ms
   burst     cue T=29.800 (v=26.30)  nearest impact 29.800  offset  +0.0 ms
   playback  cue T=30.440 (v=26.94)  nearest impact 30.440  offset  +0.0 ms
   LOGO      cue T=31.100 (v=27.60)  nearest impact 31.100  offset  +0.0 ms

real	1m35.720s
user	1m9.710s
sys	0m24.367s
