rendered vln_sp    225 notes
rendered vla_sp    211 notes
rendered vc_sp     185 notes
rendered cb_sp      59 notes
rendered vln_su    120 notes
rendered vla_su     78 notes
rendered vc_su      44 notes
rendered cb_su      39 notes
rendered vln_tr     16 notes
rendered vc_tr       4 notes
rendered harp      236 notes
rendered hn_su      83 notes
rendered hn_st      36 notes
rendered tp_su      54 notes
rendered tp_st      34 notes
rendered tb_su      72 notes
rendered tb_st      73 notes
rendered tu_su      20 notes
rendered tu_st      22 notes
rendered timp       99 notes
rendered bd         21 notes
rendered oroll       1 notes
rendered ocym       16 notes
rendered gong        7 notes
rendered tamb       14 notes
