rendered vln_sp    205 notes
rendered vla_sp    201 notes
rendered vc_sp     185 notes
rendered cb_sp      59 notes
rendered vln_su    120 notes
rendered vla_su     77 notes
rendered vc_su      42 notes
rendered cb_su      39 notes
rendered vln_tr     16 notes
rendered vc_tr       4 notes
rendered harp      236 notes
rendered hn_su      83 notes
rendered hn_st      27 notes
rendered tp_su      54 notes
rendered tp_st      25 notes
rendered tb_su      72 notes
rendered tb_st      70 notes
rendered tu_su      20 notes
rendered tu_st      22 notes
rendered timp       99 notes
rendered bd         21 notes
rendered oroll       1 notes
rendered ocym       16 notes
rendered gong        7 notes
rendered tamb       16 notes
rendered piano       4 notes
rendered kick       47 notes
rendered snare      32 notes
rendered snc       103 notes
rendered hh         79 notes
rendered hho        17 notes
rendered crash      30 notes
rendered tomh        2 notes
rendered toml        2 notes
rendered taiko      55 notes
rendered trailer    27 notes
rendered boom       21 notes
rendered braaam     10 notes
rendered riser      28 notes
rendered sub        52 notes
rendered darb       19 notes
rendered kanun      16 notes
rendered choir      96 notes
rendered oohs        5 notes
rendered celesta    71 notes
rendered flute_sv   11 notes
rendered flute_ex    5 notes
rendered oboe        5 notes
rendered vln_solo    2 notes
rendered vlnpz      25 notes
rendered vlapz       2 notes
rendered vcpz        4 notes
rendered cbpz        1 notes
rendered vsol_sp     9 notes
rendered glock      77 notes
rendered dhol_h      3 notes
rendered dhol_s     14 notes
rendered harp_d     19 notes
rendered pz_d        7 notes
rendered pno_d       2 notes
rendered sitar      12 notes
rendered vln_si     36 notes
rendered vla_si     11 notes
rendered harmon      6 notes
rendered vox         4 notes
rendered shehnai    12 notes
rendered tabla      17 notes
rendered zap         2 notes
rendered shim       16 notes
rendered cb_dr       1 notes
rendered vc_dr       2 notes
glue comp max 7.2 dB | limiter max 0.5 dB

== score_ctv.wav 48000 Hz 2 ch PCM_24 34.1000 s
peak -2.07 dBFS  true-peak -1.30 dBTP  -15.0 LUFS
clip count (>=0.999): 0
section  rms dBFS | band dB rel section total: 20-35 35-60 60-120 120-250 250-500 500-1000 1000-2000 2000-4000 4000-8000 8000-16000
  intro    -20.4 | -32.2 -14.6  -9.2 -10.7  -8.2  -7.4  -7.6  -8.3 -11.7 -15.2  corr 0.12
  A        -21.6 | -33.0 -10.5  -5.0  -9.7 -10.4  -8.2  -9.2 -11.5 -14.0 -20.8  corr 0.37
  cin      -15.9 | -29.9  -9.6  -8.9  -7.9  -5.7  -7.0 -11.8 -13.7 -18.2 -22.4  corr 0.17
  s1       -19.1 | -27.2  -8.5 -10.3 -11.2 -10.3  -5.7  -6.8 -11.8 -14.1 -18.5  corr 0.43
  tur      -16.5 | -33.7 -14.5  -3.6 -12.5 -10.8  -8.8  -9.4 -12.0 -14.2 -15.2  corr 0.44
  ind      -18.6 | -31.6 -13.5  -8.5 -11.1 -10.6  -6.6  -5.3 -10.6 -14.1 -21.2  corr 0.32
  live     -20.3 | -27.5 -12.7  -8.6 -10.2 -10.1  -6.3  -6.2 -10.6 -14.3 -19.5  corr 0.35
  chorus   -19.2 | -39.0 -12.0  -7.8 -11.3  -7.9  -5.7  -8.2 -11.4 -15.1 -20.0  corr 0.31
  wait     -19.9 | -35.9 -11.7  -7.3 -12.0 -10.8  -7.5  -6.0  -9.6 -13.5 -18.0  corr 0.40
  no       -21.4 | -26.3  -7.5  -5.6  -7.9 -10.2 -10.4 -10.6 -12.7 -15.6 -18.4  corr 0.50
  finale   -19.2 | -31.7 -12.4  -6.4  -9.3  -9.2  -6.5  -8.6 -11.0 -15.9 -22.3  corr 0.36
  tail     -14.4 | -41.9 -18.4 -19.8 -17.1  -7.6  -2.6  -8.2 -11.9 -18.1 -23.6  corr 0.18
stems in chorus (dB rel mix): drums -10.6, perc -9.8, strings -7.7, brass -4.9, choir -10.2, synth -16.6, fx -12.0, days -10.1
parts intro: vln_sp -26, vla_sp -31, vc_sp -25, cb_sp -74, vln_su -14, vla_su -25, vc_su -28, cb_su -29, vln_tr -140, vc_tr -140, harp -20, hn_su -18, hn_st -22, tp_su -29, tp_st -140, tb_su -32, tb_st -22, tu_su -20, tu_st -27, timp -22, bd -24, oroll -140, ocym -21, gong -24, tamb -140, piano -140, kick -111, snare -140, snc -28, hh -105, hho -140, crash -28, tomh -140, toml -140, taiko -31, trailer -24, boom -26, braaam -19, riser -21, sub -28, darb -140, kanun -140, choir -20, oohs -22, celesta -22, flute_sv -140, flute_ex -140, oboe -140, vln_solo -140, vlnpz -140, vlapz -140, vcpz -140, cbpz -140, vsol_sp -140, glock -36, dhol_h -140, dhol_s -140, harp_d -140, pz_d -140, pno_d -140, sitar -140, vln_si -140, vla_si -140, harmon -140, vox -140, shehnai -140, tabla -140, zap -23, shim -21, cb_dr -36, vc_dr -22
parts A: vln_sp -22, vla_sp -23, vc_sp -19, cb_sp -24, vln_su -17, vla_su -25, vc_su -37, cb_su -37, vln_tr -140, vc_tr -140, harp -23, hn_su -21, hn_st -22, tp_su -24, tp_st -28, tb_su -35, tb_st -20, tu_su -32, tu_st -26, timp -26, bd -32, oroll -46, ocym -38, gong -32, tamb -140, piano -140, kick -21, snare -22, snc -39, hh -32, hho -49, crash -30, tomh -29, toml -27, taiko -19, trailer -28, boom -28, braaam -75, riser -34, sub -29, darb -140, kanun -140, choir -37, oohs -46, celesta -27, flute_sv -140, flute_ex -140, oboe -140, vln_solo -140, vlnpz -140, vlapz -140, vcpz -140, cbpz -140, vsol_sp -140, glock -39, dhol_h -140, dhol_s -140, harp_d -140, pz_d -140, pno_d -140, sitar -140, vln_si -140, vla_si -140, harmon -140, vox -140, shehnai -140, tabla -140, zap -140, shim -26, cb_dr -140, vc_dr -140
parts holds: vln_sp -20, vla_sp -22, vc_sp -20, cb_sp -28, vln_su -24, vla_su -30, vc_su -29, cb_su -29, vln_tr -26, vc_tr -23, harp -30, hn_su -19, hn_st -22, tp_su -18, tp_st -29, tb_su -32, tb_st -21, tu_su -17, tu_st -28, timp -20, bd -24, oroll -140, ocym -20, gong -22, tamb -38, piano -140, kick -23, snare -23, snc -25, hh -36, hho -45, crash -26, tomh -140, toml -140, taiko -23, trailer -21, boom -26, braaam -14, riser -24, sub -24, darb -17, kanun -28, choir -27, oohs -36, celesta -27, flute_sv -140, flute_ex -33, oboe -32, vln_solo -28, vlnpz -28, vlapz -140, vcpz -140, cbpz -140, vsol_sp -140, glock -44, dhol_h -26, dhol_s -29, harp_d -140, pz_d -140, pno_d -140, sitar -27, vln_si -28, vla_si -35, harmon -32, vox -26, shehnai -26, tabla -27, zap -140, shim -34, cb_dr -140, vc_dr -140
parts live: vln_sp -21, vla_sp -22, vc_sp -19, cb_sp -25, vln_su -21, vla_su -27, vc_su -29, cb_su -33, vln_tr -140, vc_tr -140, harp -24, hn_su -21, hn_st -17, tp_su -15, tp_st -26, tb_su -29, tb_st -22, tu_su -27, tu_st -28, timp -21, bd -28, oroll -140, ocym -23, gong -25, tamb -70, piano -140, kick -22, snare -23, snc -31, hh -37, hho -42, crash -25, tomh -140, toml -140, taiko -21, trailer -26, boom -29, braaam -23, riser -24, sub -25, darb -140, kanun -140, choir -25, oohs -140, celesta -22, flute_sv -29, flute_ex -45, oboe -140, vln_solo -140, vlnpz -35, vlapz -140, vcpz -140, cbpz -140, vsol_sp -140, glock -38, dhol_h -74, dhol_s -52, harp_d -23, pz_d -27, pno_d -36, sitar -76, vln_si -45, vla_si -46, harmon -68, vox -140, shehnai -43, tabla -47, zap -140, shim -27, cb_dr -140, vc_dr -140
parts end: vln_sp -22, vla_sp -24, vc_sp -23, cb_sp -31, vln_su -10, vla_su -20, vc_su -16, cb_su -26, vln_tr -140, vc_tr -140, harp -21, hn_su -5, hn_st -22, tp_su -12, tp_st -31, tb_su -23, tb_st -21, tu_su -22, tu_st -28, timp -19, bd -26, oroll -140, ocym -25, gong -22, tamb -140, piano -30, kick -23, snare -26, snc -25, hh -53, hho -44, crash -25, tomh -140, toml -140, taiko -20, trailer -22, boom -28, braaam -16, riser -27, sub -26, darb -140, kanun -140, choir -21, oohs -140, celesta -22, flute_sv -26, flute_ex -140, oboe -140, vln_solo -140, vlnpz -32, vlapz -140, vcpz -140, cbpz -140, vsol_sp -140, glock -37, dhol_h -140, dhol_s -140, harp_d -140, pz_d -140, pno_d -140, sitar -140, vln_si -140, vla_si -140, harmon -140, vox -140, shehnai -140, tabla -140, zap -140, shim -23, cb_dr -140, vc_dr -140
mid-band (250-3k) level: under VO -24.7 dBFS rms, outside VO -20.1 dBFS rms
cue alignment: nearest programmed impact onset (timp/bd/taiko/trailer/crash/cymbal/low-brass stab/kick) to each cue:
   bolt      cue T=0.740   nearest impact 0.740  offset  +0.0 ms
   open      cue T=2.330   nearest impact 2.330  offset  +0.0 ms
   netflix   cue T=4.340   nearest impact 4.340  offset  +0.0 ms
   disney    cue T=5.990   nearest impact 5.979  offset -11.0 ms
   charlton  cue T=8.320   nearest impact 8.320  offset  +0.0 ms
   cin-land  cue T=10.260   nearest impact 10.260  offset  +0.0 ms
   tur-hit   cue T=11.380   nearest impact 11.380  offset  +0.0 ms
   tur-land  cue T=12.390   nearest impact 12.390  offset  +0.0 ms
   ind-hit   cue T=13.430   nearest impact 13.430  offset  +0.0 ms
   ind-land  cue T=14.540   nearest impact 14.540  offset  +0.0 ms
   vortex    cue T=17.320   nearest impact 17.320  offset  +0.0 ms
   nagish    cue T=18.370   nearest impact 18.370  offset  +0.0 ms
   goal      cue T=20.900   nearest impact 20.900  offset  +0.0 ms
   fun       cue T=24.790   nearest impact 24.790  offset  +0.0 ms
   no1       cue T=25.860   nearest impact 25.860  offset  +0.0 ms
   no2       cue T=27.050   nearest impact 27.050  offset  +0.0 ms
   xout      cue T=27.930   nearest impact 27.930  offset  +0.0 ms
   tap       cue T=29.550   nearest impact 29.550  offset  +0.0 ms
   burst     cue T=29.800   nearest impact 29.800  offset  +0.0 ms
   playback  cue T=30.440   nearest impact 30.440  offset  +0.0 ms
   LOGO      cue T=31.100   nearest impact 31.100  offset  +0.0 ms
