rendered vln_sp    154 notes
rendered vla_sp     70 notes
rendered vc_sp      88 notes
rendered cb_sp      16 notes
rendered vln_su    119 notes
rendered vla_su     80 notes
rendered vc_su      54 notes
rendered cb_su      51 notes
rendered vln_tr     18 notes
rendered vc_tr       4 notes
rendered harp      239 notes
rendered hn_su     105 notes
rendered hn_st      62 notes
rendered tp_su      48 notes
rendered tp_st      45 notes
rendered tb_su      65 notes
rendered tb_st      67 notes
rendered tu_su      19 notes
rendered tu_st      21 notes
rendered timp      100 notes
rendered bd         20 notes
rendered oroll       1 notes
rendered ocym       16 notes
rendered gong        7 notes
rendered tamb       32 notes
rendered piano      91 notes
rendered kick       45 notes
rendered snare      32 notes
rendered snc       107 notes
rendered hh         60 notes
rendered hho         3 notes
rendered crash      30 notes
rendered tomh        2 notes
rendered toml        2 notes
rendered taiko      20 notes
rendered trailer    26 notes
rendered boom       19 notes
rendered braaam      9 notes
rendered riser      27 notes
rendered sub        39 notes
rendered darb       19 notes
rendered kanun      16 notes
rendered choir      48 notes
rendered celesta    71 notes
rendered flute_sv   52 notes
rendered flute_ex    5 notes
rendered oboe        5 notes
rendered vln_solo    2 notes
rendered vlnpz      69 notes
rendered vlapz       2 notes
rendered vcpz       10 notes
rendered cbpz       53 notes
rendered vsol_sp    14 notes
rendered glock     132 notes
rendered dhol_h      3 notes
rendered dhol_s     14 notes
rendered harp_d     19 notes
rendered pz_d        7 notes
rendered pno_d       2 notes
rendered sitar      12 notes
rendered vln_si     36 notes
rendered vla_si     11 notes
rendered harmon      6 notes
rendered vox         4 notes
rendered shehnai    12 notes
rendered tabla      17 notes
rendered zap         1 notes
rendered cb_dr       1 notes
rendered vc_dr       2 notes
glue comp max 7.0 dB | limiter max 0.5 dB

== score_ctv.wav 48000 Hz 2 ch PCM_24 34.1000 s
peak -2.12 dBFS  true-peak -1.30 dBTP  -14.5 LUFS
clip count (>=0.999): 0
section  rms dBFS | band dB rel section total: 20-35 35-60 60-120 120-250 250-500 500-1000 1000-2000 2000-4000 4000-8000 8000-16000
  intro    -19.8 | -24.3 -12.6  -7.6 -12.0 -10.3  -7.2  -8.0  -8.7 -10.8 -14.4  corr 0.02
  A        -22.4 | -26.9 -12.0  -5.8 -13.3 -11.1  -5.7  -8.3 -11.3 -13.4 -20.6  corr 0.14
  cin      -15.4 | -24.9 -11.7  -6.3  -8.9  -6.1  -7.2 -11.9 -13.4 -17.8 -22.4  corr 0.20
  s1       -16.7 | -21.8 -11.0  -9.9 -16.7 -11.9  -5.4  -6.2  -8.8 -12.8 -18.4  corr 0.12
  tur      -15.7 | -24.3 -11.1  -3.3 -14.3 -12.8  -9.2  -9.8 -12.1 -14.9 -15.9  corr 0.51
  ind      -18.3 | -28.7 -16.1  -8.2 -10.6 -12.3  -6.1  -5.8  -9.9 -12.7 -20.6  corr 0.17
  live     -19.1 | -28.9 -15.0  -8.5 -15.3  -9.1  -6.1  -5.6 -10.2 -13.5 -19.4  corr 0.23
  chorus   -18.9 | -31.9 -13.4  -8.4 -13.3  -9.6  -5.8  -5.7 -11.4 -14.5 -20.0  corr 0.25
  wait     -20.0 | -28.5  -9.0  -6.9 -12.2 -10.7  -7.9  -7.7  -9.1 -13.3 -17.7  corr 0.42
  no       -21.0 | -21.5  -7.2  -4.1  -9.0 -12.6 -11.7 -11.2 -13.3 -15.4 -19.2  corr 0.52
  finale   -19.1 | -42.3 -13.3  -5.9  -9.1  -7.3  -6.4 -10.8 -13.1 -16.4 -22.2  corr 0.40
  tail     -13.9 | -32.0 -16.9 -16.2 -14.6  -7.9  -3.0  -7.8 -11.7 -17.8 -27.0  corr 0.15
stems in chorus (dB rel mix): drums -10.4, perc -12.0, strings -8.9, brass -4.4, choir -7.3, synth -21.4, fx -13.4, days -10.5
parts intro: vln_sp -140, vla_sp -140, vc_sp -140, cb_sp -140, vln_su -12, vla_su -25, vc_su -28, cb_su -26, vln_tr -39, vc_tr -140, harp -19, hn_su -19, hn_st -140, tp_su -30, tp_st -140, tb_su -29, tb_st -23, tu_su -17, tu_st -28, timp -23, bd -23, oroll -140, ocym -21, gong -24, tamb -140, piano -140, kick -140, snare -140, snc -28, hh -140, hho -140, crash -28, tomh -140, toml -140, taiko -31, trailer -24, boom -27, braaam -140, riser -21, sub -29, darb -140, kanun -140, choir -20, celesta -22, flute_sv -140, flute_ex -140, oboe -140, vln_solo -140, vlnpz -25, vlapz -140, vcpz -29, cbpz -140, vsol_sp -140, glock -31, dhol_h -140, dhol_s -140, harp_d -140, pz_d -140, pno_d -140, sitar -140, vln_si -140, vla_si -140, harmon -140, vox -140, shehnai -140, tabla -140, zap -23, cb_dr -36, vc_dr -23
parts A: vln_sp -33, vla_sp -39, vc_sp -32, cb_sp -140, vln_su -19, vla_su -26, vc_su -31, cb_su -29, vln_tr -140, vc_tr -140, harp -23, hn_su -25, hn_st -140, tp_su -27, tp_st -140, tb_su -41, tb_st -23, tu_su -28, tu_st -28, timp -27, bd -32, oroll -47, ocym -37, gong -32, tamb -41, piano -29, kick -27, snare -26, snc -38, hh -49, hho -140, crash -30, tomh -29, toml -33, taiko -23, trailer -27, boom -34, braaam -140, riser -31, sub -35, darb -140, kanun -140, choir -43, celesta -29, flute_sv -16, flute_ex -140, oboe -140, vln_solo -140, vlnpz -23, vlapz -140, vcpz -32, cbpz -34, vsol_sp -140, glock -32, dhol_h -140, dhol_s -140, harp_d -140, pz_d -140, pno_d -140, sitar -140, vln_si -140, vla_si -140, harmon -140, vox -140, shehnai -140, tabla -140, zap -140, cb_dr -140, vc_dr -140
parts holds: vln_sp -18, vla_sp -23, vc_sp -23, cb_sp -140, vln_su -18, vla_su -30, vc_su -29, cb_su -29, vln_tr -26, vc_tr -25, harp -31, hn_su -18, hn_st -18, tp_su -18, tp_st -26, tb_su -35, tb_st -20, tu_su -15, tu_st -27, timp -19, bd -24, oroll -140, ocym -20, gong -22, tamb -35, piano -21, kick -23, snare -23, snc -25, hh -50, hho -45, crash -26, tomh -67, toml -44, taiko -30, trailer -20, boom -26, braaam -15, riser -24, sub -28, darb -17, kanun -27, choir -24, celesta -29, flute_sv -22, flute_ex -34, oboe -32, vln_solo -28, vlnpz -28, vlapz -140, vcpz -140, cbpz -35, vsol_sp -140, glock -35, dhol_h -26, dhol_s -29, harp_d -140, pz_d -140, pno_d -140, sitar -25, vln_si -28, vla_si -34, harmon -31, vox -26, shehnai -27, tabla -27, zap -140, cb_dr -140, vc_dr -140
parts live: vln_sp -21, vla_sp -27, vc_sp -27, cb_sp -140, vln_su -19, vla_su -28, vc_su -29, cb_su -33, vln_tr -140, vc_tr -140, harp -24, hn_su -19, hn_st -15, tp_su -15, tp_st -24, tb_su -29, tb_st -22, tu_su -20, tu_st -29, timp -22, bd -28, oroll -140, ocym -23, gong -25, tamb -39, piano -19, kick -21, snare -30, snc -32, hh -43, hho -140, crash -25, tomh -140, toml -140, taiko -31, trailer -26, boom -29, braaam -24, riser -25, sub -29, darb -140, kanun -140, choir -24, celesta -24, flute_sv -17, flute_ex -45, oboe -140, vln_solo -140, vlnpz -35, vlapz -140, vcpz -140, cbpz -31, vsol_sp -140, glock -31, dhol_h -74, dhol_s -52, harp_d -23, pz_d -29, pno_d -36, sitar -68, vln_si -46, vla_si -46, harmon -69, vox -140, shehnai -43, tabla -50, zap -140, cb_dr -140, vc_dr -140
parts end: vln_sp -23, vla_sp -30, vc_sp -30, cb_sp -140, vln_su -9, vla_su -21, vc_su -17, cb_su -26, vln_tr -140, vc_tr -140, harp -20, hn_su -5, hn_st -18, tp_su -11, tp_st -29, tb_su -22, tb_st -20, tu_su -16, tu_st -28, timp -20, bd -26, oroll -140, ocym -25, gong -22, tamb -39, piano -22, kick -25, snare -32, snc -25, hh -46, hho -140, crash -25, tomh -140, toml -140, taiko -24, trailer -21, boom -27, braaam -17, riser -28, sub -29, darb -140, kanun -140, choir -23, celesta -22, flute_sv -23, flute_ex -140, oboe -140, vln_solo -140, vlnpz -32, vlapz -140, vcpz -140, cbpz -35, vsol_sp -140, glock -33, dhol_h -140, dhol_s -140, harp_d -140, pz_d -140, pno_d -140, sitar -140, vln_si -140, vla_si -140, harmon -140, vox -140, shehnai -140, tabla -140, zap -140, cb_dr -140, vc_dr -140
mid-band (250-3k) level: under VO -24.3 dBFS rms, outside VO -19.8 dBFS rms
cue alignment: nearest programmed impact onset (timp/bd/taiko/trailer/crash/cymbal/low-brass stab/kick) to each cue:
   bolt      cue T=0.740   nearest impact 0.740  offset  +0.0 ms
   open      cue T=2.360   nearest impact 2.360  offset  +0.0 ms
   netflix   cue T=4.360   nearest impact 4.360  offset  +0.0 ms
   disney    cue T=6.060   nearest impact 5.862  offset -198.3 ms
   charlton  cue T=8.360   nearest impact 8.360  offset  +0.0 ms
   cin-land  cue T=10.260   nearest impact 10.260  offset  +0.0 ms
   tur-hit   cue T=11.380   nearest impact 11.380  offset  +0.0 ms
   tur-land  cue T=12.390   nearest impact 12.390  offset  +0.0 ms
   ind-hit   cue T=13.430   nearest impact 13.430  offset  +0.0 ms
   ind-land  cue T=14.540   nearest impact 14.540  offset  +0.0 ms
   vortex    cue T=17.315   nearest impact 17.315  offset  +0.0 ms
   nagish    cue T=18.390   nearest impact 18.390  offset  +0.0 ms
   goal      cue T=20.900   nearest impact 20.900  offset  +0.0 ms
   fun       cue T=24.790   nearest impact 24.790  offset  +0.0 ms
   no1       cue T=25.860   nearest impact 25.860  offset  +0.0 ms
   no2       cue T=27.050   nearest impact 27.050  offset  +0.0 ms
   xout      cue T=27.910   nearest impact 27.910  offset  +0.0 ms
   tap       cue T=29.555   nearest impact 29.555  offset  +0.0 ms
   burst     cue T=29.800   nearest impact 29.800  offset  +0.0 ms
   playback  cue T=30.490   nearest impact 30.490  offset  +0.0 ms
   LOGO      cue T=31.100   nearest impact 31.100  offset  +0.0 ms
